Tracker: surajb.ajx_test.entity_tracker | refreshed src_tables: ['surajb.ajx_test.silver_customer_orders', 'surajb.ajx_test.silver_sales'] | entity_type: ALL | dry_run: False
Selected 1 tracker row(s) downstream of ['surajb.ajx_test.silver_customer_orders', 'surajb.ajx_test.silver_sales']: [('ajx test - J_gold', 'daily')]

=== Tracker row: JOB 'ajx test - J_gold' [src_group daily]
    entity_name                        ajx test - J_gold
    entity_type                        JOB
    src_group                          daily
    target_tables                      ['surajb.ajx_test.gold_product_sales', 'surajb.ajx_test.gold_regional_sales']
    src_tables                         ['surajb.ajx_test.silver_sales']
    src_tables_to_skip                 []
    src_table_producers                {'surajb.ajx_test.silver_sales': {'producer_type': 'PIPELINE', 'producer_id': 'a7a0bde5-b979-4a21-a430-98e2c07de118'}}
    refresh_window_btn_tables_in_mins  20
    created_on                         2026-10-09
    updated_on                         2026-10-09
    created_by                         user@example.com
    updated_by                         user@example.com
    -> skipped src_tables (0): none
    -> checking 1 src_table(s) against refresh_window_btn_tables_in_mins=20:
       MET (producer refresh) surajb.ajx_test.silver_sales: refreshed 0.0 min ago (window 20 min, cutoff 2026-10-09 20:29:30.871170)
          last write: materialized view — no Delta history; refresh and rows from its producer pipeline
          producer: PIPELINE a7a0bde5-b979-4a21-a430-98e2c07de118 refreshed it at 2026-10-09 20:49:30.871170 [refreshed by calling upstream job]

Summary:
  LAUNCHED        JOB      ajx test - J_gold [daily]: launched job 'ajx test - J_gold' (job_id=671602292581385, run_id=461340336474767)
